python : Warning: You are sending unauthenticated requests to the HF Hub. Please set a HF_TOKEN to enable higher rate 
limits and faster downloads.
At line:1 char:1
+ python -c "
+ ~~~~~~~~~~~
    + CategoryInfo          : NotSpecified: (Warning: You ar...ster downloads.:String) [], RemoteException
    + FullyQualifiedErrorId : NativeCommandError
 
Loading pipeline...
Loaded index with 1721 vectors and 1721 chunks
Loading embedding model: all-MiniLM-L6-v2...

Loading weights:   0%|          | 0/103 [00:00<?, ?it/s]
Loading weights: 100%|##########| 103/103 [00:00<00:00, 8378.68it/s]
[1mBertModel LOAD REPORT[0m from: sentence-transformers/all-MiniLM-L6-v2
Key                     | Status     |  | 
------------------------+------------+--+-
embeddings.position_ids | UNEXPECTED |  | 

[3mNotes:
- UNEXPECTED[3m	:can be ignored when loading from different task/architecture; not ok if you expect identical 
arch.[0m
D:\Projects\goldman sach\src\vectorstore\embedder.py:33: FutureWarning: The `get_sentence_embedding_dimension` method 
has been renamed to `get_embedding_dimension`.
  self.embedding_dim = self.model.get_sentence_embedding_dimension()
Model loaded. Embedding dimension: 384
Sending test query...
  Gemini API error: 429 You exceeded your current quota, please check your plan and billing details. For more information on this error, head to: https://ai.google.dev/gemini-api/docs/rate-limits. To monitor your current usage, head to: https://ai.dev/rate-limit. 
* Quota exceeded for metric: generativelanguage.googleapis.com/generate_content_free_tier_input_token_count, limit: 0, model: gemini-2.5-pro
* Quota exceeded for metric: generativelanguage.googleapis.com/generate_content_free_tier_requests, limit: 0, model: gemini-2.5-pro
* Quota exceeded for metric: generativelanguage.googleapis.com/generate_content_free_tier_requests, limit: 0, model: gemini-2.5-pro
* Quota exceeded for metric: generativelanguage.googleapis.com/generate_content_free_tier_input_token_count, limit: 0, model: gemini-2.5-pro
Please retry in 50.367287111s. [links {
  description: "Learn more about Gemini API quotas"
  url: "https://ai.google.dev/gemini-api/docs/rate-limits"
}
, violations {
  quota_metric: "generativelanguage.googleapis.com/generate_content_free_tier_input_token_count"
  quota_id: "GenerateContentInputTokensPerModelPerMinute-FreeTier"
  quota_dimensions {
    key: "model"
    value: "gemini-2.5-pro"
  }
  quota_dimensions {
    key: "location"
    value: "global"
  }
}
violations {
  quota_metric: "generativelanguage.googleapis.com/generate_content_free_tier_requests"
  quota_id: "GenerateRequestsPerMinutePerProjectPerModel-FreeTier"
  quota_dimensions {
    key: "model"
    value: "gemini-2.5-pro"
  }
  quota_dimensions {
    key: "location"
    value: "global"
  }
}
violations {
  quota_metric: "generativelanguage.googleapis.com/generate_content_free_tier_requests"
  quota_id: "GenerateRequestsPerDayPerProjectPerModel-FreeTier"
  quota_dimensions {
    key: "model"
    value: "gemini-2.5-pro"
  }
  quota_dimensions {
    key: "location"
    value: "global"
  }
}
violations {
  quota_metric: "generativelanguage.googleapis.com/generate_content_free_tier_input_token_count"
  quota_id: "GenerateContentInputTokensPerModelPerDay-FreeTier"
  quota_dimensions {
    key: "model"
    value: "gemini-2.5-pro"
  }
  quota_dimensions {
    key: "location"
    value: "global"
  }
}
, retry_delay {
  seconds: 50
}
]. Retrying in 1s...
  Gemini API error: 429 You exceeded your current quota, please check your plan and billing details. For more information on this error, head to: https://ai.google.dev/gemini-api/docs/rate-limits. To monitor your current usage, head to: https://ai.dev/rate-limit. 
* Quota exceeded for metric: generativelanguage.googleapis.com/generate_content_free_tier_input_token_count, limit: 0, model: gemini-2.5-pro
* Quota exceeded for metric: generativelanguage.googleapis.com/generate_content_free_tier_requests, limit: 0, model: gemini-2.5-pro
* Quota exceeded for metric: generativelanguage.googleapis.com/generate_content_free_tier_requests, limit: 0, model: gemini-2.5-pro
* Quota exceeded for metric: generativelanguage.googleapis.com/generate_content_free_tier_input_token_count, limit: 0, model: gemini-2.5-pro
Please retry in 49.258605872s. [links {
  description: "Learn more about Gemini API quotas"
  url: "https://ai.google.dev/gemini-api/docs/rate-limits"
}
, violations {
  quota_metric: "generativelanguage.googleapis.com/generate_content_free_tier_input_token_count"
  quota_id: "GenerateContentInputTokensPerModelPerMinute-FreeTier"
  quota_dimensions {
    key: "model"
    value: "gemini-2.5-pro"
  }
  quota_dimensions {
    key: "location"
    value: "global"
  }
}
violations {
  quota_metric: "generativelanguage.googleapis.com/generate_content_free_tier_requests"
  quota_id: "GenerateRequestsPerMinutePerProjectPerModel-FreeTier"
  quota_dimensions {
    key: "model"
    value: "gemini-2.5-pro"
  }
  quota_dimensions {
    key: "location"
    value: "global"
  }
}
violations {
  quota_metric: "generativelanguage.googleapis.com/generate_content_free_tier_requests"
  quota_id: "GenerateRequestsPerDayPerProjectPerModel-FreeTier"
  quota_dimensions {
    key: "model"
    value: "gemini-2.5-pro"
  }
  quota_dimensions {
    key: "location"
    value: "global"
  }
}
violations {
  quota_metric: "generativelanguage.googleapis.com/generate_content_free_tier_input_token_count"
  quota_id: "GenerateContentInputTokensPerModelPerDay-FreeTier"
  quota_dimensions {
    key: "model"
    value: "gemini-2.5-pro"
  }
  quota_dimensions {
    key: "location"
    value: "global"
  }
}
, retry_delay {
  seconds: 49
}
]. Retrying in 2s...
  Gemini API failed after 3 attempts: 429 You exceeded your current quota, please check your plan and billing details. For more information on this error, head to: https://ai.google.dev/gemini-api/docs/rate-limits. To monitor your current usage, head to: https://ai.dev/rate-limit. 
* Quota exceeded for metric: generativelanguage.googleapis.com/generate_content_free_tier_requests, limit: 0, model: gemini-2.5-pro
* Quota exceeded for metric: generativelanguage.googleapis.com/generate_content_free_tier_requests, limit: 0, model: gemini-2.5-pro
* Quota exceeded for metric: generativelanguage.googleapis.com/generate_content_free_tier_input_token_count, limit: 0, model: gemini-2.5-pro
* Quota exceeded for metric: generativelanguage.googleapis.com/generate_content_free_tier_input_token_count, limit: 0, model: gemini-2.5-pro
Please retry in 46.926904371s. [links {
  description: "Learn more about Gemini API quotas"
  url: "https://ai.google.dev/gemini-api/docs/rate-limits"
}
, violations {
  quota_metric: "generativelanguage.googleapis.com/generate_content_free_tier_requests"
  quota_id: "GenerateRequestsPerDayPerProjectPerModel-FreeTier"
  quota_dimensions {
    key: "model"
    value: "gemini-2.5-pro"
  }
  quota_dimensions {
    key: "location"
    value: "global"
  }
}
violations {
  quota_metric: "generativelanguage.googleapis.com/generate_content_free_tier_requests"
  quota_id: "GenerateRequestsPerMinutePerProjectPerModel-FreeTier"
  quota_dimensions {
    key: "model"
    value: "gemini-2.5-pro"
  }
  quota_dimensions {
    key: "location"
    value: "global"
  }
}
violations {
  quota_metric: "generativelanguage.googleapis.com/generate_content_free_tier_input_token_count"
  quota_id: "GenerateContentInputTokensPerModelPerMinute-FreeTier"
  quota_dimensions {
    key: "model"
    value: "gemini-2.5-pro"
  }
  quota_dimensions {
    key: "location"
    value: "global"
  }
}
violations {
  quota_metric: "generativelanguage.googleapis.com/generate_content_free_tier_input_token_count"
  quota_id: "GenerateContentInputTokensPerModelPerDay-FreeTier"
  quota_dimensions {
    key: "model"
    value: "gemini-2.5-pro"
  }
  quota_dimensions {
    key: "location"
    value: "global"
  }
}
, retry_delay {
  seconds: 46
}
]
PIPELINE SUCCESS
{'answer': 'Something went wrong: 429 You exceeded your current quota, please check your plan and billing details. For more information on this error, head to: https://ai.google.dev/gemini-api/docs/rate-limits. To monitor your current usage, head to: https://ai.dev/rate-limit. \n* Quota exceeded for metric: generativelanguage.googleapis.com/generate_content_free_tier_requests, limit: 0, model: gemini-2.5-pro\n* Quota exceeded for metric: generativelanguage.googleapis.com/generate_content_free_tier_requests, limit: 0, model: gemini-2.5-pro\n* Quota exceeded for metric: generativelanguage.googleapis.com/generate_content_free_tier_input_token_count, limit: 0, model: gemini-2.5-pro\n* Quota exceeded for metric: generativelanguage.googleapis.com/generate_content_free_tier_input_token_count, limit: 0, model: gemini-2.5-pro\nPlease retry in 46.926904371s. [links {\n  description: "Learn more about Gemini API quotas"\n  url: "https://ai.google.dev/gemini-api/docs/rate-limits"\n}\n, violations {\n  quota_metric: "generativelanguage.googleapis.com/generate_content_free_tier_requests"\n  quota_id: "GenerateRequestsPerDayPerProjectPerModel-FreeTier"\n  quota_dimensions {\n    key: "model"\n    value: "gemini-2.5-pro"\n  }\n  quota_dimensions {\n    key: "location"\n    value: "global"\n  }\n}\nviolations {\n  quota_metric: "generativelanguage.googleapis.com/generate_content_free_tier_requests"\n  quota_id: "GenerateRequestsPerMinutePerProjectPerModel-FreeTier"\n  quota_dimensions {\n    key: "model"\n    value: "gemini-2.5-pro"\n  }\n  quota_dimensions {\n    key: "location"\n    value: "global"\n  }\n}\nviolations {\n  quota_metric: "generativelanguage.googleapis.com/generate_content_free_tier_input_token_count"\n  quota_id: "GenerateContentInputTokensPerModelPerMinute-FreeTier"\n  quota_dimensions {\n    key: "model"\n    value: "gemini-2.5-pro"\n  }\n  quota_dimensions {\n    key: "location"\n    value: "global"\n  }\n}\nviolations {\n  quota_metric: "generativelanguage.googleapis.com/generate_content_free_tier_input_token_count"\n  quota_id: "GenerateContentInputTokensPerModelPerDay-FreeTier"\n  quota_dimensions {\n    key: "model"\n    value: "gemini-2.5-pro"\n  }\n  quota_dimensions {\n    key: "location"\n    value: "global"\n  }\n}\n, retry_delay {\n  seconds: 46\n}\n]', 'citations': [], 'query_type': 'ERROR', 'target_companies': [], 'retrieved_chunks': [], 'latency_ms': 14276.6}
